---
version: 1
interactions:
- request:
    body: ""
    form: {}
    headers:
      User-Agent:
      - jonwho/goiex
    url: https://sandbox.iexapis.com/stable/crypto/btcusdt/quote
    method: GET
  response:
    body: '{"symbol":"BTCUSDT","open":7913.4,"openTime":1572355059432,"close":8312.77147668,"closeTime":1615874848694,"previousClose":8023.8,"bidPrice":8014.64,"bidSize":0.025824,"askPrice":8284.9,"askSize":0.025791,"latestPrice":8209.44,"latestTime":"3:25:56
      PM","latestUpdate":1590620417092,"latestVolume":49529.170494,"high":8188,"low":8041.48,"change":287,"changePercent":0.03833}'
    headers:
      Access-Control-Allow-Credentials:
      - "true"
      Access-Control-Allow-Headers:
      - Origin, X-Requested-With, Content-Type, Accept
      Access-Control-Allow-Methods:
      - GET, OPTIONS
      Access-Control-Allow-Origin:
      - '*'
      Content-Type:
      - application/json; charset=utf-8
      Date:
      - Fri, 24 May 2019 19:26:00 GMT
      Iexcloud-Messages-Used:
      - "1"
      Server:
      - nginx
      Set-Cookie:
      - ctoken=4a3929f5ce244c2e86722222f9a45fe4; Max-Age=43200; Path=/; Expires=Sat,
        25 May 2019 07:25:58 GMT
      Strict-Transport-Security:
      - max-age=15768000
      X-Content-Type-Options:
      - nosniff
    status: 200 OK
    code: 200
    duration: ""
- request:
    body: ""
    form: {}
    headers:
      User-Agent:
      - jonwho/goiex
    url: https://sandbox.iexapis.com/stable/stock/aapl/sentiment
    method: GET
  response:
    body: The requested data is not available to free tier accounts. Please upgrade
      for access to this data.
    headers:
      Access-Control-Allow-Credentials:
      - "true"
      Access-Control-Allow-Headers:
      - Origin, X-Requested-With, Content-Type, Accept
      Access-Control-Allow-Methods:
      - GET, OPTIONS
      Access-Control-Allow-Origin:
      - '*'
      Content-Type:
      - text/html; charset=utf-8
      Date:
      - Fri, 24 May 2019 19:26:00 GMT
      Server:
      - nginx
      Set-Cookie:
      - ctoken=a3eb34db78a5452a835cc920f046761c; Max-Age=43200; Path=/; Expires=Sat,
        25 May 2019 07:26:00 GMT
      Strict-Transport-Security:
      - max-age=15768000
    status: 402 Payment Required
    code: 402
    duration: ""
- request:
    body: ""
    form: {}
    headers:
      User-Agent:
      - jonwho/goiex
    url: https://sandbox.iexapis.com/stable/stock/aapl/ceo-compensation
    method: GET
  response:
    body: The requested data is not available to free tier accounts. Please upgrade
      for access to this data.
    headers:
      Access-Control-Allow-Credentials:
      - "true"
      Access-Control-Allow-Headers:
      - Origin, X-Requested-With, Content-Type, Accept
      Access-Control-Allow-Methods:
      - GET, OPTIONS
      Access-Control-Allow-Origin:
      - '*'
      Content-Type:
      - text/html; charset=utf-8
      Date:
      - Fri, 24 May 2019 19:26:00 GMT
      Server:
      - nginx
      Set-Cookie:
      - ctoken=1a8b1c32bee8416c8daebf46824bf8fd; Max-Age=43200; Path=/; Expires=Sat,
        25 May 2019 07:26:00 GMT
      Strict-Transport-Security:
      - max-age=15768000
    status: 402 Payment Required
    code: 402
    duration: ""
